// Jest Snapshot v1, https://goo.gl/fbAQLP

exports[`flavors.openapi generates OpenAPI spec 1`] = `
Object {
  "components": Object {
    "schemas": Object {
      "Example": Object {
        "enum": Array [
          "Value",
        ],
        "type": "string",
      },
      "ExampleDTO": Object {
        "properties": Object {
          "falseBooleanValue": Object {
            "type": "boolean",
          },
          "nullableBooleanValue": Object {
            "nullable": true,
            "type": "boolean",
          },
          "nullableDateStringValue": Object {
            "format": "date",
            "nullable": true,
            "type": "string",
          },
          "nullableDateValue": Object {
            "format": "date-time",
            "nullable": true,
            "type": "string",
          },
          "nullableEnumValue": Object {
            "$ref": "#/components/schemas/Example",
            "nullable": true,
          },
          "nullableIntegerValue": Object {
            "nullable": true,
            "type": "integer",
          },
          "nullableNestedValue": Object {
            "allOf": Array [
              Object {
                "$ref": "#/components/schemas/NestedNullableExample",
              },
            ],
            "nullable": true,
          },
          "nullableNumberValue": Object {
            "nullable": true,
            "type": "number",
          },
          "nullableObjectArrayValue": Object {
            "items": Object {
              "$ref": "#/components/schemas/NestedNullableExample",
            },
            "nullable": true,
            "type": "array",
          },
          "nullablePrimitiveArrayValue": Object {
            "items": Object {
              "type": "number",
            },
            "nullable": true,
            "type": "array",
          },
          "nullableStringValue": Object {
            "nullable": true,
            "type": "string",
          },
          "nullableUUIDValue": Object {
            "format": "uuid",
            "nullable": true,
            "type": "string",
          },
          "optionalBooleanValue": Object {
            "type": "boolean",
          },
          "optionalDateStringValue": Object {
            "format": "date",
            "type": "string",
          },
          "optionalDateValue": Object {
            "format": "date-time",
            "type": "string",
          },
          "optionalEnumValue": Object {
            "$ref": "#/components/schemas/Example",
          },
          "optionalIntegerValue": Object {
            "type": "integer",
          },
          "optionalNestedValue": Object {
            "$ref": "#/components/schemas/NestedOptionalExample",
          },
          "optionalNumberValue": Object {
            "type": "number",
          },
          "optionalObjectArrayValue": Object {
            "items": Object {
              "$ref": "#/components/schemas/NestedOptionalExample",
            },
            "type": "array",
          },
          "optionalPrimitiveArrayValue": Object {
            "items": Object {
              "type": "number",
            },
            "type": "array",
          },
          "optionalStringValue": Object {
            "type": "string",
          },
          "optionalUUIDValue": Object {
            "format": "uuid",
            "type": "string",
          },
          "requiredBooleanValue": Object {
            "type": "boolean",
          },
          "requiredDateStringValue": Object {
            "format": "date",
            "type": "string",
          },
          "requiredDateValue": Object {
            "format": "date-time",
            "type": "string",
          },
          "requiredEnumValue": Object {
            "$ref": "#/components/schemas/Example",
          },
          "requiredIntegerValue": Object {
            "type": "integer",
          },
          "requiredNestedValue": Object {
            "$ref": "#/components/schemas/NestedRequiredExample",
          },
          "requiredNumberValue": Object {
            "type": "number",
          },
          "requiredObjectArrayValue": Object {
            "items": Object {
              "$ref": "#/components/schemas/NestedRequiredExample",
            },
            "type": "array",
          },
          "requiredPrimitiveArrayValue": Object {
            "items": Object {
              "type": "number",
            },
            "type": "array",
          },
          "requiredStringValue": Object {
            "type": "string",
          },
          "requiredUUIDValue": Object {
            "format": "uuid",
            "type": "string",
          },
          "string_value_with_different_wire_name": Object {
            "type": "string",
          },
          "zeroBooleanValue": Object {
            "type": "boolean",
          },
        },
        "required": Array [
          "requiredObjectArrayValue",
          "requiredPrimitiveArrayValue",
          "falseBooleanValue",
          "zeroBooleanValue",
          "requiredBooleanValue",
          "requiredDateStringValue",
          "requiredDateValue",
          "requiredEnumValue",
          "requiredIntegerValue",
          "requiredNestedValue",
          "requiredNumberValue",
          "requiredStringValue",
          "requiredUUIDValue",
          "nullableObjectArrayValue",
          "nullablePrimitiveArrayValue",
          "nullableBooleanValue",
          "nullableDateStringValue",
          "nullableDateValue",
          "nullableEnumValue",
          "nullableIntegerValue",
          "nullableNestedValue",
          "nullableNumberValue",
          "nullableStringValue",
          "nullableUUIDValue",
          "string_value_with_different_wire_name",
        ],
        "type": "object",
      },
      "NestedNullableExample": Object {
        "properties": Object {
          "nullableStringValue": Object {
            "nullable": true,
            "type": "string",
          },
        },
        "required": Array [
          "nullableStringValue",
        ],
        "type": "object",
      },
      "NestedOptionalExample": Object {
        "properties": Object {
          "optionalStringValue": Object {
            "type": "string",
          },
        },
        "type": "object",
      },
      "NestedRequiredExample": Object {
        "properties": Object {
          "requiredStringValue": Object {
            "type": "string",
          },
        },
        "required": Array [
          "requiredStringValue",
        ],
        "type": "object",
      },
    },
  },
  "info": Object {
    "contact": Object {},
    "description": "",
    "title": "Example",
    "version": "1.0.0",
  },
  "openapi": "3.0.0",
  "paths": Object {
    "/example": Object {
      "get": Object {
        "operationId": "ExampleController_find",
        "parameters": Array [],
        "responses": Object {
          "200": Object {
            "content": Object {
              "application/json": Object {
                "schema": Object {
                  "$ref": "#/components/schemas/ExampleDTO",
                },
              },
            },
            "description": "",
          },
        },
      },
    },
  },
  "servers": Array [],
  "tags": Array [],
}
`;

exports[`flavors.openapi transforms input data 1`] = `Array []`;

exports[`flavors.openapi validates required fields 1`] = `
Example {
  "falseBooleanValue": undefined,
  "nullableBooleanValue": undefined,
  "nullableDateStringValue": undefined,
  "nullableDateValue": undefined,
  "nullableEnumValue": undefined,
  "nullableIntegerValue": undefined,
  "nullableNestedValue": undefined,
  "nullableNumberValue": undefined,
  "nullableObjectArrayValue": undefined,
  "nullablePrimitiveArrayValue": undefined,
  "nullableStringValue": undefined,
  "nullableUUIDValue": undefined,
  "optionalBooleanValue": undefined,
  "optionalDateStringValue": undefined,
  "optionalDateValue": undefined,
  "optionalEnumValue": undefined,
  "optionalIntegerValue": undefined,
  "optionalNestedValue": undefined,
  "optionalNumberValue": undefined,
  "optionalObjectArrayValue": undefined,
  "optionalPrimitiveArrayValue": undefined,
  "optionalStringValue": undefined,
  "optionalUUIDValue": undefined,
  "requiredBooleanValue": undefined,
  "requiredDateStringValue": undefined,
  "requiredDateValue": undefined,
  "requiredEnumValue": undefined,
  "requiredIntegerValue": undefined,
  "requiredNestedValue": undefined,
  "requiredNumberValue": undefined,
  "requiredObjectArrayValue": undefined,
  "requiredPrimitiveArrayValue": undefined,
  "requiredStringValue": undefined,
  "requiredUUIDValue": undefined,
  "stringValueWithDifferentWireName": undefined,
  "zeroBooleanValue": undefined,
}
`;

exports[`flavors.openapi validates required fields 2`] = `
Array [
  ValidationError {
    "children": Array [],
    "constraints": Object {
      "isArray": "requiredObjectArrayValue must be an array",
      "isDefined": "requiredObjectArrayValue should not be null or undefined",
    },
    "property": "requiredObjectArrayValue",
    "target": Example {
      "falseBooleanValue": undefined,
      "nullableBooleanValue": undefined,
      "nullableDateStringValue": undefined,
      "nullableDateValue": undefined,
      "nullableEnumValue": undefined,
      "nullableIntegerValue": undefined,
      "nullableNestedValue": undefined,
      "nullableNumberValue": undefined,
      "nullableObjectArrayValue": undefined,
      "nullablePrimitiveArrayValue": undefined,
      "nullableStringValue": undefined,
      "nullableUUIDValue": undefined,
      "optionalBooleanValue": undefined,
      "optionalDateStringValue": undefined,
      "optionalDateValue": undefined,
      "optionalEnumValue": undefined,
      "optionalIntegerValue": undefined,
      "optionalNestedValue": undefined,
      "optionalNumberValue": undefined,
      "optionalObjectArrayValue": undefined,
      "optionalPrimitiveArrayValue": undefined,
      "optionalStringValue": undefined,
      "optionalUUIDValue": undefined,
      "requiredBooleanValue": undefined,
      "requiredDateStringValue": undefined,
      "requiredDateValue": undefined,
      "requiredEnumValue": undefined,
      "requiredIntegerValue": undefined,
      "requiredNestedValue": undefined,
      "requiredNumberValue": undefined,
      "requiredObjectArrayValue": undefined,
      "requiredPrimitiveArrayValue": undefined,
      "requiredStringValue": undefined,
      "requiredUUIDValue": undefined,
      "stringValueWithDifferentWireName": undefined,
      "zeroBooleanValue": undefined,
    },
    "value": undefined,
  },
  ValidationError {
    "children": Array [],
    "constraints": Object {
      "isArray": "requiredPrimitiveArrayValue must be an array",
      "isDefined": "requiredPrimitiveArrayValue should not be null or undefined",
      "isNumber": "each value in requiredPrimitiveArrayValue must be a number conforming to the specified constraints",
    },
    "property": "requiredPrimitiveArrayValue",
    "target": Example {
      "falseBooleanValue": undefined,
      "nullableBooleanValue": undefined,
      "nullableDateStringValue": undefined,
      "nullableDateValue": undefined,
      "nullableEnumValue": undefined,
      "nullableIntegerValue": undefined,
      "nullableNestedValue": undefined,
      "nullableNumberValue": undefined,
      "nullableObjectArrayValue": undefined,
      "nullablePrimitiveArrayValue": undefined,
      "nullableStringValue": undefined,
      "nullableUUIDValue": undefined,
      "optionalBooleanValue": undefined,
      "optionalDateStringValue": undefined,
      "optionalDateValue": undefined,
      "optionalEnumValue": undefined,
      "optionalIntegerValue": undefined,
      "optionalNestedValue": undefined,
      "optionalNumberValue": undefined,
      "optionalObjectArrayValue": undefined,
      "optionalPrimitiveArrayValue": undefined,
      "optionalStringValue": undefined,
      "optionalUUIDValue": undefined,
      "requiredBooleanValue": undefined,
      "requiredDateStringValue": undefined,
      "requiredDateValue": undefined,
      "requiredEnumValue": undefined,
      "requiredIntegerValue": undefined,
      "requiredNestedValue": undefined,
      "requiredNumberValue": undefined,
      "requiredObjectArrayValue": undefined,
      "requiredPrimitiveArrayValue": undefined,
      "requiredStringValue": undefined,
      "requiredUUIDValue": undefined,
      "stringValueWithDifferentWireName": undefined,
      "zeroBooleanValue": undefined,
    },
    "value": undefined,
  },
  ValidationError {
    "children": Array [],
    "constraints": Object {
      "isBoolean": "falseBooleanValue must be a boolean value",
      "isDefined": "falseBooleanValue should not be null or undefined",
    },
    "property": "falseBooleanValue",
    "target": Example {
      "falseBooleanValue": undefined,
      "nullableBooleanValue": undefined,
      "nullableDateStringValue": undefined,
      "nullableDateValue": undefined,
      "nullableEnumValue": undefined,
      "nullableIntegerValue": undefined,
      "nullableNestedValue": undefined,
      "nullableNumberValue": undefined,
      "nullableObjectArrayValue": undefined,
      "nullablePrimitiveArrayValue": undefined,
      "nullableStringValue": undefined,
      "nullableUUIDValue": undefined,
      "optionalBooleanValue": undefined,
      "optionalDateStringValue": undefined,
      "optionalDateValue": undefined,
      "optionalEnumValue": undefined,
      "optionalIntegerValue": undefined,
      "optionalNestedValue": undefined,
      "optionalNumberValue": undefined,
      "optionalObjectArrayValue": undefined,
      "optionalPrimitiveArrayValue": undefined,
      "optionalStringValue": undefined,
      "optionalUUIDValue": undefined,
      "requiredBooleanValue": undefined,
      "requiredDateStringValue": undefined,
      "requiredDateValue": undefined,
      "requiredEnumValue": undefined,
      "requiredIntegerValue": undefined,
      "requiredNestedValue": undefined,
      "requiredNumberValue": undefined,
      "requiredObjectArrayValue": undefined,
      "requiredPrimitiveArrayValue": undefined,
      "requiredStringValue": undefined,
      "requiredUUIDValue": undefined,
      "stringValueWithDifferentWireName": undefined,
      "zeroBooleanValue": undefined,
    },
    "value": undefined,
  },
  ValidationError {
    "children": Array [],
    "constraints": Object {
      "isBoolean": "zeroBooleanValue must be a boolean value",
      "isDefined": "zeroBooleanValue should not be null or undefined",
    },
    "property": "zeroBooleanValue",
    "target": Example {
      "falseBooleanValue": undefined,
      "nullableBooleanValue": undefined,
      "nullableDateStringValue": undefined,
      "nullableDateValue": undefined,
      "nullableEnumValue": undefined,
      "nullableIntegerValue": undefined,
      "nullableNestedValue": undefined,
      "nullableNumberValue": undefined,
      "nullableObjectArrayValue": undefined,
      "nullablePrimitiveArrayValue": undefined,
      "nullableStringValue": undefined,
      "nullableUUIDValue": undefined,
      "optionalBooleanValue": undefined,
      "optionalDateStringValue": undefined,
      "optionalDateValue": undefined,
      "optionalEnumValue": undefined,
      "optionalIntegerValue": undefined,
      "optionalNestedValue": undefined,
      "optionalNumberValue": undefined,
      "optionalObjectArrayValue": undefined,
      "optionalPrimitiveArrayValue": undefined,
      "optionalStringValue": undefined,
      "optionalUUIDValue": undefined,
      "requiredBooleanValue": undefined,
      "requiredDateStringValue": undefined,
      "requiredDateValue": undefined,
      "requiredEnumValue": undefined,
      "requiredIntegerValue": undefined,
      "requiredNestedValue": undefined,
      "requiredNumberValue": undefined,
      "requiredObjectArrayValue": undefined,
      "requiredPrimitiveArrayValue": undefined,
      "requiredStringValue": undefined,
      "requiredUUIDValue": undefined,
      "stringValueWithDifferentWireName": undefined,
      "zeroBooleanValue": undefined,
    },
    "value": undefined,
  },
  ValidationError {
    "children": Array [],
    "constraints": Object {
      "isBoolean": "requiredBooleanValue must be a boolean value",
      "isDefined": "requiredBooleanValue should not be null or undefined",
    },
    "property": "requiredBooleanValue",
    "target": Example {
      "falseBooleanValue": undefined,
      "nullableBooleanValue": undefined,
      "nullableDateStringValue": undefined,
      "nullableDateValue": undefined,
      "nullableEnumValue": undefined,
      "nullableIntegerValue": undefined,
      "nullableNestedValue": undefined,
      "nullableNumberValue": undefined,
      "nullableObjectArrayValue": undefined,
      "nullablePrimitiveArrayValue": undefined,
      "nullableStringValue": undefined,
      "nullableUUIDValue": undefined,
      "optionalBooleanValue": undefined,
      "optionalDateStringValue": undefined,
      "optionalDateValue": undefined,
      "optionalEnumValue": undefined,
      "optionalIntegerValue": undefined,
      "optionalNestedValue": undefined,
      "optionalNumberValue": undefined,
      "optionalObjectArrayValue": undefined,
      "optionalPrimitiveArrayValue": undefined,
      "optionalStringValue": undefined,
      "optionalUUIDValue": undefined,
      "requiredBooleanValue": undefined,
      "requiredDateStringValue": undefined,
      "requiredDateValue": undefined,
      "requiredEnumValue": undefined,
      "requiredIntegerValue": undefined,
      "requiredNestedValue": undefined,
      "requiredNumberValue": undefined,
      "requiredObjectArrayValue": undefined,
      "requiredPrimitiveArrayValue": undefined,
      "requiredStringValue": undefined,
      "requiredUUIDValue": undefined,
      "stringValueWithDifferentWireName": undefined,
      "zeroBooleanValue": undefined,
    },
    "value": undefined,
  },
  ValidationError {
    "children": Array [],
    "constraints": Object {
      "isDefined": "requiredDateStringValue should not be null or undefined",
      "isIso8601": "requiredDateStringValue must be a valid ISO 8601 date string",
    },
    "property": "requiredDateStringValue",
    "target": Example {
      "falseBooleanValue": undefined,
      "nullableBooleanValue": undefined,
      "nullableDateStringValue": undefined,
      "nullableDateValue": undefined,
      "nullableEnumValue": undefined,
      "nullableIntegerValue": undefined,
      "nullableNestedValue": undefined,
      "nullableNumberValue": undefined,
      "nullableObjectArrayValue": undefined,
      "nullablePrimitiveArrayValue": undefined,
      "nullableStringValue": undefined,
      "nullableUUIDValue": undefined,
      "optionalBooleanValue": undefined,
      "optionalDateStringValue": undefined,
      "optionalDateValue": undefined,
      "optionalEnumValue": undefined,
      "optionalIntegerValue": undefined,
      "optionalNestedValue": undefined,
      "optionalNumberValue": undefined,
      "optionalObjectArrayValue": undefined,
      "optionalPrimitiveArrayValue": undefined,
      "optionalStringValue": undefined,
      "optionalUUIDValue": undefined,
      "requiredBooleanValue": undefined,
      "requiredDateStringValue": undefined,
      "requiredDateValue": undefined,
      "requiredEnumValue": undefined,
      "requiredIntegerValue": undefined,
      "requiredNestedValue": undefined,
      "requiredNumberValue": undefined,
      "requiredObjectArrayValue": undefined,
      "requiredPrimitiveArrayValue": undefined,
      "requiredStringValue": undefined,
      "requiredUUIDValue": undefined,
      "stringValueWithDifferentWireName": undefined,
      "zeroBooleanValue": undefined,
    },
    "value": undefined,
  },
  ValidationError {
    "children": Array [],
    "constraints": Object {
      "isDate": "requiredDateValue must be a Date instance",
      "isDefined": "requiredDateValue should not be null or undefined",
    },
    "property": "requiredDateValue",
    "target": Example {
      "falseBooleanValue": undefined,
      "nullableBooleanValue": undefined,
      "nullableDateStringValue": undefined,
      "nullableDateValue": undefined,
      "nullableEnumValue": undefined,
      "nullableIntegerValue": undefined,
      "nullableNestedValue": undefined,
      "nullableNumberValue": undefined,
      "nullableObjectArrayValue": undefined,
      "nullablePrimitiveArrayValue": undefined,
      "nullableStringValue": undefined,
      "nullableUUIDValue": undefined,
      "optionalBooleanValue": undefined,
      "optionalDateStringValue": undefined,
      "optionalDateValue": undefined,
      "optionalEnumValue": undefined,
      "optionalIntegerValue": undefined,
      "optionalNestedValue": undefined,
      "optionalNumberValue": undefined,
      "optionalObjectArrayValue": undefined,
      "optionalPrimitiveArrayValue": undefined,
      "optionalStringValue": undefined,
      "optionalUUIDValue": undefined,
      "requiredBooleanValue": undefined,
      "requiredDateStringValue": undefined,
      "requiredDateValue": undefined,
      "requiredEnumValue": undefined,
      "requiredIntegerValue": undefined,
      "requiredNestedValue": undefined,
      "requiredNumberValue": undefined,
      "requiredObjectArrayValue": undefined,
      "requiredPrimitiveArrayValue": undefined,
      "requiredStringValue": undefined,
      "requiredUUIDValue": undefined,
      "stringValueWithDifferentWireName": undefined,
      "zeroBooleanValue": undefined,
    },
    "value": undefined,
  },
  ValidationError {
    "children": Array [],
    "constraints": Object {
      "isDefined": "requiredEnumValue should not be null or undefined",
      "isEnum": "requiredEnumValue must be a valid enum value",
    },
    "property": "requiredEnumValue",
    "target": Example {
      "falseBooleanValue": undefined,
      "nullableBooleanValue": undefined,
      "nullableDateStringValue": undefined,
      "nullableDateValue": undefined,
      "nullableEnumValue": undefined,
      "nullableIntegerValue": undefined,
      "nullableNestedValue": undefined,
      "nullableNumberValue": undefined,
      "nullableObjectArrayValue": undefined,
      "nullablePrimitiveArrayValue": undefined,
      "nullableStringValue": undefined,
      "nullableUUIDValue": undefined,
      "optionalBooleanValue": undefined,
      "optionalDateStringValue": undefined,
      "optionalDateValue": undefined,
      "optionalEnumValue": undefined,
      "optionalIntegerValue": undefined,
      "optionalNestedValue": undefined,
      "optionalNumberValue": undefined,
      "optionalObjectArrayValue": undefined,
      "optionalPrimitiveArrayValue": undefined,
      "optionalStringValue": undefined,
      "optionalUUIDValue": undefined,
      "requiredBooleanValue": undefined,
      "requiredDateStringValue": undefined,
      "requiredDateValue": undefined,
      "requiredEnumValue": undefined,
      "requiredIntegerValue": undefined,
      "requiredNestedValue": undefined,
      "requiredNumberValue": undefined,
      "requiredObjectArrayValue": undefined,
      "requiredPrimitiveArrayValue": undefined,
      "requiredStringValue": undefined,
      "requiredUUIDValue": undefined,
      "stringValueWithDifferentWireName": undefined,
      "zeroBooleanValue": undefined,
    },
    "value": undefined,
  },
  ValidationError {
    "children": Array [],
    "constraints": Object {
      "isDefined": "requiredIntegerValue should not be null or undefined",
      "isInt": "requiredIntegerValue must be an integer number",
    },
    "property": "requiredIntegerValue",
    "target": Example {
      "falseBooleanValue": undefined,
      "nullableBooleanValue": undefined,
      "nullableDateStringValue": undefined,
      "nullableDateValue": undefined,
      "nullableEnumValue": undefined,
      "nullableIntegerValue": undefined,
      "nullableNestedValue": undefined,
      "nullableNumberValue": undefined,
      "nullableObjectArrayValue": undefined,
      "nullablePrimitiveArrayValue": undefined,
      "nullableStringValue": undefined,
      "nullableUUIDValue": undefined,
      "optionalBooleanValue": undefined,
      "optionalDateStringValue": undefined,
      "optionalDateValue": undefined,
      "optionalEnumValue": undefined,
      "optionalIntegerValue": undefined,
      "optionalNestedValue": undefined,
      "optionalNumberValue": undefined,
      "optionalObjectArrayValue": undefined,
      "optionalPrimitiveArrayValue": undefined,
      "optionalStringValue": undefined,
      "optionalUUIDValue": undefined,
      "requiredBooleanValue": undefined,
      "requiredDateStringValue": undefined,
      "requiredDateValue": undefined,
      "requiredEnumValue": undefined,
      "requiredIntegerValue": undefined,
      "requiredNestedValue": undefined,
      "requiredNumberValue": undefined,
      "requiredObjectArrayValue": undefined,
      "requiredPrimitiveArrayValue": undefined,
      "requiredStringValue": undefined,
      "requiredUUIDValue": undefined,
      "stringValueWithDifferentWireName": undefined,
      "zeroBooleanValue": undefined,
    },
    "value": undefined,
  },
  ValidationError {
    "children": Array [],
    "constraints": Object {
      "isDefined": "requiredNestedValue should not be null or undefined",
    },
    "property": "requiredNestedValue",
    "target": Example {
      "falseBooleanValue": undefined,
      "nullableBooleanValue": undefined,
      "nullableDateStringValue": undefined,
      "nullableDateValue": undefined,
      "nullableEnumValue": undefined,
      "nullableIntegerValue": undefined,
      "nullableNestedValue": undefined,
      "nullableNumberValue": undefined,
      "nullableObjectArrayValue": undefined,
      "nullablePrimitiveArrayValue": undefined,
      "nullableStringValue": undefined,
      "nullableUUIDValue": undefined,
      "optionalBooleanValue": undefined,
      "optionalDateStringValue": undefined,
      "optionalDateValue": undefined,
      "optionalEnumValue": undefined,
      "optionalIntegerValue": undefined,
      "optionalNestedValue": undefined,
      "optionalNumberValue": undefined,
      "optionalObjectArrayValue": undefined,
      "optionalPrimitiveArrayValue": undefined,
      "optionalStringValue": undefined,
      "optionalUUIDValue": undefined,
      "requiredBooleanValue": undefined,
      "requiredDateStringValue": undefined,
      "requiredDateValue": undefined,
      "requiredEnumValue": undefined,
      "requiredIntegerValue": undefined,
      "requiredNestedValue": undefined,
      "requiredNumberValue": undefined,
      "requiredObjectArrayValue": undefined,
      "requiredPrimitiveArrayValue": undefined,
      "requiredStringValue": undefined,
      "requiredUUIDValue": undefined,
      "stringValueWithDifferentWireName": undefined,
      "zeroBooleanValue": undefined,
    },
    "value": undefined,
  },
  ValidationError {
    "children": Array [],
    "constraints": Object {
      "isDefined": "requiredNumberValue should not be null or undefined",
      "isNumber": "requiredNumberValue must be a number conforming to the specified constraints",
    },
    "property": "requiredNumberValue",
    "target": Example {
      "falseBooleanValue": undefined,
      "nullableBooleanValue": undefined,
      "nullableDateStringValue": undefined,
      "nullableDateValue": undefined,
      "nullableEnumValue": undefined,
      "nullableIntegerValue": undefined,
      "nullableNestedValue": undefined,
      "nullableNumberValue": undefined,
      "nullableObjectArrayValue": undefined,
      "nullablePrimitiveArrayValue": undefined,
      "nullableStringValue": undefined,
      "nullableUUIDValue": undefined,
      "optionalBooleanValue": undefined,
      "optionalDateStringValue": undefined,
      "optionalDateValue": undefined,
      "optionalEnumValue": undefined,
      "optionalIntegerValue": undefined,
      "optionalNestedValue": undefined,
      "optionalNumberValue": undefined,
      "optionalObjectArrayValue": undefined,
      "optionalPrimitiveArrayValue": undefined,
      "optionalStringValue": undefined,
      "optionalUUIDValue": undefined,
      "requiredBooleanValue": undefined,
      "requiredDateStringValue": undefined,
      "requiredDateValue": undefined,
      "requiredEnumValue": undefined,
      "requiredIntegerValue": undefined,
      "requiredNestedValue": undefined,
      "requiredNumberValue": undefined,
      "requiredObjectArrayValue": undefined,
      "requiredPrimitiveArrayValue": undefined,
      "requiredStringValue": undefined,
      "requiredUUIDValue": undefined,
      "stringValueWithDifferentWireName": undefined,
      "zeroBooleanValue": undefined,
    },
    "value": undefined,
  },
  ValidationError {
    "children": Array [],
    "constraints": Object {
      "isDefined": "requiredStringValue should not be null or undefined",
      "isString": "requiredStringValue must be a string",
    },
    "property": "requiredStringValue",
    "target": Example {
      "falseBooleanValue": undefined,
      "nullableBooleanValue": undefined,
      "nullableDateStringValue": undefined,
      "nullableDateValue": undefined,
      "nullableEnumValue": undefined,
      "nullableIntegerValue": undefined,
      "nullableNestedValue": undefined,
      "nullableNumberValue": undefined,
      "nullableObjectArrayValue": undefined,
      "nullablePrimitiveArrayValue": undefined,
      "nullableStringValue": undefined,
      "nullableUUIDValue": undefined,
      "optionalBooleanValue": undefined,
      "optionalDateStringValue": undefined,
      "optionalDateValue": undefined,
      "optionalEnumValue": undefined,
      "optionalIntegerValue": undefined,
      "optionalNestedValue": undefined,
      "optionalNumberValue": undefined,
      "optionalObjectArrayValue": undefined,
      "optionalPrimitiveArrayValue": undefined,
      "optionalStringValue": undefined,
      "optionalUUIDValue": undefined,
      "requiredBooleanValue": undefined,
      "requiredDateStringValue": undefined,
      "requiredDateValue": undefined,
      "requiredEnumValue": undefined,
      "requiredIntegerValue": undefined,
      "requiredNestedValue": undefined,
      "requiredNumberValue": undefined,
      "requiredObjectArrayValue": undefined,
      "requiredPrimitiveArrayValue": undefined,
      "requiredStringValue": undefined,
      "requiredUUIDValue": undefined,
      "stringValueWithDifferentWireName": undefined,
      "zeroBooleanValue": undefined,
    },
    "value": undefined,
  },
  ValidationError {
    "children": Array [],
    "constraints": Object {
      "isDefined": "requiredUUIDValue should not be null or undefined",
      "isUuid": "requiredUUIDValue must be a UUID",
    },
    "property": "requiredUUIDValue",
    "target": Example {
      "falseBooleanValue": undefined,
      "nullableBooleanValue": undefined,
      "nullableDateStringValue": undefined,
      "nullableDateValue": undefined,
      "nullableEnumValue": undefined,
      "nullableIntegerValue": undefined,
      "nullableNestedValue": undefined,
      "nullableNumberValue": undefined,
      "nullableObjectArrayValue": undefined,
      "nullablePrimitiveArrayValue": undefined,
      "nullableStringValue": undefined,
      "nullableUUIDValue": undefined,
      "optionalBooleanValue": undefined,
      "optionalDateStringValue": undefined,
      "optionalDateValue": undefined,
      "optionalEnumValue": undefined,
      "optionalIntegerValue": undefined,
      "optionalNestedValue": undefined,
      "optionalNumberValue": undefined,
      "optionalObjectArrayValue": undefined,
      "optionalPrimitiveArrayValue": undefined,
      "optionalStringValue": undefined,
      "optionalUUIDValue": undefined,
      "requiredBooleanValue": undefined,
      "requiredDateStringValue": undefined,
      "requiredDateValue": undefined,
      "requiredEnumValue": undefined,
      "requiredIntegerValue": undefined,
      "requiredNestedValue": undefined,
      "requiredNumberValue": undefined,
      "requiredObjectArrayValue": undefined,
      "requiredPrimitiveArrayValue": undefined,
      "requiredStringValue": undefined,
      "requiredUUIDValue": undefined,
      "stringValueWithDifferentWireName": undefined,
      "zeroBooleanValue": undefined,
    },
    "value": undefined,
  },
  ValidationError {
    "children": Array [],
    "constraints": Object {
      "isDefined": "stringValueWithDifferentWireName should not be null or undefined",
      "isString": "stringValueWithDifferentWireName must be a string",
    },
    "property": "stringValueWithDifferentWireName",
    "target": Example {
      "falseBooleanValue": undefined,
      "nullableBooleanValue": undefined,
      "nullableDateStringValue": undefined,
      "nullableDateValue": undefined,
      "nullableEnumValue": undefined,
      "nullableIntegerValue": undefined,
      "nullableNestedValue": undefined,
      "nullableNumberValue": undefined,
      "nullableObjectArrayValue": undefined,
      "nullablePrimitiveArrayValue": undefined,
      "nullableStringValue": undefined,
      "nullableUUIDValue": undefined,
      "optionalBooleanValue": undefined,
      "optionalDateStringValue": undefined,
      "optionalDateValue": undefined,
      "optionalEnumValue": undefined,
      "optionalIntegerValue": undefined,
      "optionalNestedValue": undefined,
      "optionalNumberValue": undefined,
      "optionalObjectArrayValue": undefined,
      "optionalPrimitiveArrayValue": undefined,
      "optionalStringValue": undefined,
      "optionalUUIDValue": undefined,
      "requiredBooleanValue": undefined,
      "requiredDateStringValue": undefined,
      "requiredDateValue": undefined,
      "requiredEnumValue": undefined,
      "requiredIntegerValue": undefined,
      "requiredNestedValue": undefined,
      "requiredNumberValue": undefined,
      "requiredObjectArrayValue": undefined,
      "requiredPrimitiveArrayValue": undefined,
      "requiredStringValue": undefined,
      "requiredUUIDValue": undefined,
      "stringValueWithDifferentWireName": undefined,
      "zeroBooleanValue": undefined,
    },
    "value": undefined,
  },
]
`;
